C51 COMPILER V9.00   A_COMFUNC                                                             12/15/2017 18:39:34 PAGE 1   


C51 COMPILER V9.00, COMPILATION OF MODULE A_COMFUNC
OBJECT MODULE PLACED IN a_comfunc.OBJ
COMPILER INVOKED BY: C:\Keil\C51\BIN\C51.EXE a_comfunc.c LARGE BROWSE DEBUG OBJECTEXTEND

line level    source

   1          
   2          // 2016-10-02   
   3          
   4          #include "a_strfunc.h"
   5          #include "UNIQ_ID.h"
   6          
   7          #include "a_comfunc.h"
   8          
   9           
  10          
  11          //=====================================COM1     
  12          
  13          #if 1
  14          unsigned char Com1_TI_flag = 1;
  15          #endif
  16          
  17          
  18          
  19          #if 1
  20          void Com1SendU8( unsigned char c )
  21          {
  22   1              while(!Com1_TI_flag); Com1_TI_flag = 0; 
  23   1              SBUF = c;
  24   1      }
  25          #endif
  26          
  27          
  28          
  29          #if 1
  30          void Com1SendU8ss( unsigned char * s )
  31          {
  32   1              for(;;)
  33   1              {
  34   2                      if( *s == 0 ) break;
  35   2                      Com1SendU8( *s ); 
  36   2                      s++;
  37   2              }
  38   1      }
  39          #endif
  40          
  41          
  42          
  43          #if 0
              void Com1SendU8is( unsigned long i, unsigned char * buf )
              {
                      myltoa( buf, i, 0x00 );
                      Com1SendU8ss( buf );
              }
              #endif
  50          
  51          //
  52          //void send_struct( unsigned char * buf, unsigned char iBufLen )
  53          //{
  54          //      U8 i; 
  55          //      
C51 COMPILER V9.00   A_COMFUNC                                                             12/15/2017 18:39:34 PAGE 2   

  56          //      for( i = 0; i < iBufLen; i++ )
  57          //      {
  58          //              Com1SendU8( buf[i] );
  59          //      }
  60          //}
  61                          //      //send_struct( M2do.m_buf[0], 18 );
  62                          //      //send_struct( M2do.m_buf[1], 18 );
  63          
  64          
  65          
  66          
  67          
  68          // Com1 接收 
  69          #if 1
  70          
  71          U8  Com1Recv_rc;
  72          U8  Com1Recv_c;
  73          
  74          U16     Com1Recv_TimeOutLmt = 32345;
  75          
  76          static U16 Com1Recv_TimeOutCounter;
  77          
  78          
  79          void Com1Recv()
  80          {
  81   1              Com1Recv_TimeOutCounter = 0;
  82   1              while(1)
  83   1              {
  84   2                      if(RI) 
  85   2                      { 
  86   3                              RI=0; 
  87   3                              Com1Recv_c = SBUF;
  88   3                              Com1Recv_rc = 1;
  89   3                              return;
  90   3                      } 
  91   2                      else 
  92   2                      { 
  93   3                              Com1Recv_TimeOutCounter++; 
  94   3                              if( Com1Recv_TimeOutCounter > Com1Recv_TimeOutLmt ) 
  95   3                              { 
  96   4                                      Com1Recv_rc = 0;
  97   4                                      return;
  98   4                              } 
  99   3                      } 
 100   2              }
 101   1      }
 102          #endif
 103          
 104          
 105          
 106          
 107          
 108          
 109          
 110          //=====================================COM2     
 111          
 112          
 113          #if 1
 114          unsigned char Com2_TI_flag = 1;
 115          #endif
 116          
 117          
C51 COMPILER V9.00   A_COMFUNC                                                             12/15/2017 18:39:34 PAGE 3   

 118          
 119          #if 0
              void Com2SendU8( unsigned char c )
              {
                      while(!Com2_TI_flag); Com2_TI_flag = 0; 
                      S2BUF = c;
              }
              #endif
 126          
 127          
 128          
 129          #if 0
              void Com2SendU8ss( unsigned char * s )
              {
                      for(;;)
                      {
                              if( *s == 0 ) break;
                              Com2SendU8( *s ); 
                              s++;
                      }
              }
              #endif
 140          
 141          
 142          
 143          #if 0
              void Com2SendU8is( unsigned long i, unsigned char * buf )
              {
                      myltoa( buf, i, 0x00 );
                      Com2SendU8ss( buf );
              }
              #endif
 150          
 151          
 152          
 153          
 154          
 155          
 156          
 157          
 158          //===============================程序例子：
 159          #if 0 
              
              /*------------------------------------------------
              串口中断程序
              ------------------------------------------------*/
              void UART_SER() interrupt 4 //串行中断服务程序
              {
                      if(RI)      //判断是接收中断产生
                      {
                              RI=0;     //标志位清零
              
                              ta63com1( &ta63com1_state );
                      }
              
                      if(TI)    //如果是发送标志位，清零
                      {
                              TI=0;
                              Com1_TI_flag = 1; //这样等于发送没做，另找一个flag
                      }
              }
                              
C51 COMPILER V9.00   A_COMFUNC                                                             12/15/2017 18:39:34 PAGE 4   

              
              #define S2RI  0x01              //S2CON.0
              #define S2TI  0x02              //S2CON.1
              
              /*----------------------------
              UART2 中断服务程序
              -----------------------------*/
              void Uart2() interrupt 8  
              {
                  if (S2CON & S2RI)      //判断是接收中断产生
                  {
                      S2CON &= ~S2RI;         //清除S2RI位
                      //P0 = S2BUF;             //P0显示串口数据
                      //P2 = (S2CON & S2RB8);   //P2.2显示校验位
              
                  }
              
                  if (S2CON & S2TI)    //如果是发送标志位，清零
                  {
                      S2CON &= ~S2TI;         //清除S2TI位 
                              Com2_TI_flag = 1; //这样等于发送没做，另找一个flag
                  }
                              
              }
              
              
              
              
              
              
              /*------------------------------------------------
              串口中断程序
              ------------------------------------------------*/
              void UART_SER() interrupt 4 //串行中断服务程序
              {
                      if(RI)      //判断是接收中断产生
                      {
                              RI=0;     //标志位清零
                              
                              ta33com1( &ta33com1_state );
                      }
              
                      if(TI)    //如果是发送标志位，清零
                      {
                              TI=0;
                              Com1_TI_flag = 1; //这样等于发送没做，另找一个flag
                      }
              }
                              
              
              #define S2RI  0x01              //S2CON.0
              #define S2TI  0x02              //S2CON.1
              
              /*----------------------------
              UART2 中断服务程序
              -----------------------------*/
              void Uart2() interrupt 8  
              {
                  if (S2CON & S2RI)      //判断是接收中断产生
                  {
                      S2CON &= ~S2RI;         //清除S2RI位
                      
C51 COMPILER V9.00   A_COMFUNC                                                             12/15/2017 18:39:34 PAGE 5   

                              ta32com2( &ta32com2_state );
                  }
              
                  if (S2CON & S2TI)    //如果是发送标志位，清零
                  {
                      S2CON &= ~S2TI;         //清除S2TI位 
                              Com2_TI_flag = 1; //这样等于发送没做，另找一个flag
                  }
                              
              }
              
              
              
              #endif
 256          
 257          
 258          
 259          
 260          
 261          


MODULE INFORMATION:   STATIC OVERLAYABLE
   CODE SIZE        =     99    ----
   CONSTANT SIZE    =   ----    ----
   XDATA SIZE       =      8    ----
   PDATA SIZE       =   ----    ----
   DATA SIZE        =   ----    ----
   IDATA SIZE       =   ----    ----
   BIT SIZE         =   ----    ----
END OF MODULE INFORMATION.


C51 COMPILATION COMPLETE.  0 WARNING(S),  0 ERROR(S)
