C51 COMPILER V9.00   MAINIOPORT                                                            12/15/2017 18:39:34 PAGE 1   


C51 COMPILER V9.00, COMPILATION OF MODULE MAINIOPORT
OBJECT MODULE PLACED IN mainioport.OBJ
COMPILER INVOKED BY: C:\Keil\C51\BIN\C51.EXE mainioport.c LARGE BROWSE DEBUG OBJECTEXTEND

line level    source

   1          
   2          #include "UNIQ_ID.h"
   3          #include "mainioport.h"
   4          
   5          
   6          
   7          
   8          void mainioport_init(void)
   9          {
  10   1              SET_PORT_POWER_0( P0, 7 );
  11   1              SET_PORT_POWER_0( P0, 1 );
  12   1      
  13   1              SET_PORT_POWER_0( P1, 5 );
  14   1      
  15   1              SET_PORT_POWER_1( P2, 2 );  
  16   1      }
  17          
  18          
  19          
  20          


MODULE INFORMATION:   STATIC OVERLAYABLE
   CODE SIZE        =     25    ----
   CONSTANT SIZE    =   ----    ----
   XDATA SIZE       =   ----    ----
   PDATA SIZE       =   ----    ----
   DATA SIZE        =   ----    ----
   IDATA SIZE       =   ----    ----
   BIT SIZE         =   ----    ----
END OF MODULE INFORMATION.


C51 COMPILATION COMPLETE.  0 WARNING(S),  0 ERROR(S)
